[34m25-06-23 seg. 22:54:21.024[0;39m [32mINFO [0;39m [2m50860[0;39m [2m---[0;39m [36m[restartedMain][0;39m [34mFlowuApplication                        [0;39m [31m:[0;39m [2mStarting FlowuApplication using Java 17.0.12 with PID 50860 (C:\dmb\projetosFonts\flowu\target\classes started by delaney in C:\dmb\projetosFonts\flowu)[0;39m
[34m25-06-23 seg. 22:54:21.040[0;39m [32mINFO [0;39m [2m50860[0;39m [2m---[0;39m [36m[restartedMain][0;39m [34mFlowuApplication                        [0;39m [31m:[0;39m [2mNo active profile set, falling back to 1 default profile: "default"[0;39m
[34m25-06-23 seg. 22:54:21.078[0;39m [32mINFO [0;39m [2m50860[0;39m [2m---[0;39m [36m[restartedMain][0;39m [34mDevToolsPropertyDefaultsPostProcessor   [0;39m [31m:[0;39m [2mDevtools property defaults active! Set 'spring.devtools.add-properties' to 'false' to disable[0;39m
[34m25-06-23 seg. 22:54:21.078[0;39m [32mINFO [0;39m [2m50860[0;39m [2m---[0;39m [36m[restartedMain][0;39m [34mDevToolsPropertyDefaultsPostProcessor   [0;39m [31m:[0;39m [2mFor additional web related logging consider setting the 'logging.level.web' property to 'DEBUG'[0;39m
[34m25-06-23 seg. 22:54:21.634[0;39m [32mINFO [0;39m [2m50860[0;39m [2m---[0;39m [36m[restartedMain][0;39m [34mRepositoryConfigurationDelegate         [0;39m [31m:[0;39m [2mBootstrapping Spring Data JPA repositories in DEFAULT mode.[0;39m
[34m25-06-23 seg. 22:54:21.705[0;39m [32mINFO [0;39m [2m50860[0;39m [2m---[0;39m [36m[restartedMain][0;39m [34mRepositoryConfigurationDelegate         [0;39m [31m:[0;39m [2mFinished Spring Data repository scanning in 59 ms. Found 3 JPA repository interfaces.[0;39m
[34m25-06-23 seg. 22:54:22.181[0;39m [32mINFO [0;39m [2m50860[0;39m [2m---[0;39m [36m[restartedMain][0;39m [34mTomcatWebServer                         [0;39m [31m:[0;39m [2mTomcat initialized with port 8080 (http)[0;39m
[34m25-06-23 seg. 22:54:22.192[0;39m [32mINFO [0;39m [2m50860[0;39m [2m---[0;39m [36m[restartedMain][0;39m [34mStandardService                         [0;39m [31m:[0;39m [2mStarting service [Tomcat][0;39m
[34m25-06-23 seg. 22:54:22.192[0;39m [32mINFO [0;39m [2m50860[0;39m [2m---[0;39m [36m[restartedMain][0;39m [34mStandardEngine                          [0;39m [31m:[0;39m [2mStarting Servlet engine: [Apache Tomcat/10.1.20][0;39m
[34m25-06-23 seg. 22:54:22.225[0;39m [32mINFO [0;39m [2m50860[0;39m [2m---[0;39m [36m[restartedMain][0;39m [34m[/]                                     [0;39m [31m:[0;39m [2mInitializing Spring embedded WebApplicationContext[0;39m
[34m25-06-23 seg. 22:54:22.233[0;39m [32mINFO [0;39m [2m50860[0;39m [2m---[0;39m [36m[restartedMain][0;39m [34mServletWebServerApplicationContext      [0;39m [31m:[0;39m [2mRoot WebApplicationContext: initialization completed in 1146 ms[0;39m
[34m25-06-23 seg. 22:54:22.349[0;39m [32mINFO [0;39m [2m50860[0;39m [2m---[0;39m [36m[restartedMain][0;39m [34mLogHelper                               [0;39m [31m:[0;39m [2mHHH000204: Processing PersistenceUnitInfo [name: default][0;39m
[34m25-06-23 seg. 22:54:22.412[0;39m [32mINFO [0;39m [2m50860[0;39m [2m---[0;39m [36m[restartedMain][0;39m [34mVersion                                 [0;39m [31m:[0;39m [2mHHH000412: Hibernate ORM core version 6.4.4.Final[0;39m
[34m25-06-23 seg. 22:54:22.443[0;39m [32mINFO [0;39m [2m50860[0;39m [2m---[0;39m [36m[restartedMain][0;39m [34mRegionFactoryInitiator                  [0;39m [31m:[0;39m [2mHHH000026: Second-level cache disabled[0;39m
[34m25-06-23 seg. 22:54:22.625[0;39m [32mINFO [0;39m [2m50860[0;39m [2m---[0;39m [36m[restartedMain][0;39m [34mSpringPersistenceUnitInfo               [0;39m [31m:[0;39m [2mNo LoadTimeWeaver setup: ignoring JPA class transformer[0;39m
[34m25-06-23 seg. 22:54:22.649[0;39m [32mINFO [0;39m [2m50860[0;39m [2m---[0;39m [36m[restartedMain][0;39m [34mHikariDataSource                        [0;39m [31m:[0;39m [2mHikariPool-1 - Starting...[0;39m
[34m25-06-23 seg. 22:54:23.142[0;39m [32mINFO [0;39m [2m50860[0;39m [2m---[0;39m [36m[restartedMain][0;39m [34mHikariPool                              [0;39m [31m:[0;39m [2mHikariPool-1 - Added connection org.postgresql.jdbc.PgConnection@27e769aa[0;39m
[34m25-06-23 seg. 22:54:23.143[0;39m [32mINFO [0;39m [2m50860[0;39m [2m---[0;39m [36m[restartedMain][0;39m [34mHikariDataSource                        [0;39m [31m:[0;39m [2mHikariPool-1 - Start completed.[0;39m
[34m25-06-23 seg. 22:54:23.346[0;39m [33mWARN [0;39m [2m50860[0;39m [2m---[0;39m [36m[restartedMain][0;39m [34mdeprecation                             [0;39m [31m:[0;39m [2mHHH90000025: PostgreSQLDialect does not need to be specified explicitly using 'hibernate.dialect' (remove the property setting and it will be selected by default)[0;39m
[34m25-06-23 seg. 22:54:24.155[0;39m [32mINFO [0;39m [2m50860[0;39m [2m---[0;39m [36m[restartedMain][0;39m [34mJtaPlatformInitiator                    [0;39m [31m:[0;39m [2mHHH000489: No JTA platform available (set 'hibernate.transaction.jta.platform' to enable JTA platform integration)[0;39m
[34m25-06-23 seg. 22:54:24.697[0;39m [32mINFO [0;39m [2m50860[0;39m [2m---[0;39m [36m[restartedMain][0;39m [34mLocalContainerEntityManagerFactoryBean  [0;39m [31m:[0;39m [2mInitialized JPA EntityManagerFactory for persistence unit 'default'[0;39m
[34m25-06-23 seg. 22:54:25.018[0;39m [33mWARN [0;39m [2m50860[0;39m [2m---[0;39m [36m[restartedMain][0;39m [34mJpaBaseConfiguration$JpaWebConfiguration[0;39m [31m:[0;39m [2mspring.jpa.open-in-view is enabled by default. Therefore, database queries may be performed during view rendering. Explicitly configure spring.jpa.open-in-view to disable this warning[0;39m
[34m25-06-23 seg. 22:54:25.040[0;39m [33mWARN [0;39m [2m50860[0;39m [2m---[0;39m [36m[restartedMain][0;39m [34mUserDetailsServiceAutoConfiguration     [0;39m [31m:[0;39m [2m

Using generated security password: 12c47fcb-ad2b-4e63-97c4-2eba1096137f

This generated password is for development use only. Your security configuration must be updated before running your application in production.
[0;39m
[34m25-06-23 seg. 22:54:25.251[0;39m [32mINFO [0;39m [2m50860[0;39m [2m---[0;39m [36m[restartedMain][0;39m [34mDefaultSecurityFilterChain              [0;39m [31m:[0;39m [2mWill secure any request with [org.springframework.security.web.session.DisableEncodeUrlFilter@1f7fe4a4, org.springframework.security.web.context.request.async.WebAsyncManagerIntegrationFilter@77187266, org.springframework.security.web.context.SecurityContextHolderFilter@6e3b632f, org.springframework.security.web.header.HeaderWriterFilter@3ca6f657, org.springframework.web.filter.CorsFilter@5c2d4349, org.springframework.security.web.authentication.logout.LogoutFilter@2ae14218, com.flowu.config.ExternalAuthFilter@75668db2, org.springframework.security.web.savedrequest.RequestCacheAwareFilter@56a1c4ad, org.springframework.security.web.servletapi.SecurityContextHolderAwareRequestFilter@7fe334b1, org.springframework.security.web.authentication.AnonymousAuthenticationFilter@44677103, org.springframework.security.web.access.ExceptionTranslationFilter@6f5ca29d, org.springframework.security.web.access.intercept.AuthorizationFilter@391a22b7][0;39m
[34m25-06-23 seg. 22:54:25.420[0;39m [32mINFO [0;39m [2m50860[0;39m [2m---[0;39m [36m[restartedMain][0;39m [34mOptionalLiveReloadServer                [0;39m [31m:[0;39m [2mLiveReload server is running on port 35729[0;39m
[34m25-06-23 seg. 22:54:25.446[0;39m [32mINFO [0;39m [2m50860[0;39m [2m---[0;39m [36m[restartedMain][0;39m [34mTomcatWebServer                         [0;39m [31m:[0;39m [2mTomcat started on port 8080 (http) with context path ''[0;39m
[34m25-06-23 seg. 22:54:25.449[0;39m [32mINFO [0;39m [2m50860[0;39m [2m---[0;39m [36m[restartedMain][0;39m [34mFlowuApplication                        [0;39m [31m:[0;39m [2mStarted FlowuApplication in 4.736 seconds (process running for 5.394)[0;39m
